// Jest Snapshot v1, https://goo.gl/fbAQLP

exports[`Test on file <GifGridItem /> Must match the snapshot 1`] = `
<div>
  <div
    class="card animate__animated animate__fadeIn"
  >
    <img
      alt="Title"
      id="image_01"
      src="https://api.giphy.com/v1/gifs/"
    />
    <p>
      Title
    </p>
  </div>
</div>
`;
